Component: ARM Compiler 5.05 update 1 (build 106) Tool: armlink [4d0efa]

==============================================================================

Section Cross References

    stm32f10x_it.o(.text) refers to printfa.o(i.__0printf) for __2printf
    stm32f10x_it.o(.text) refers to usart.o(.text) for uart1_init
    stm32f10x_it.o(.text) refers to ptransfer.o(.bss) for Test
    system_stm32f10x.o(.text) refers to system_stm32f10x.o(.data) for .data
    stm32f10x_adc.o(.text) refers to stm32f10x_rcc.o(.text) for RCC_APB2PeriphResetCmd
    stm32f10x_dac.o(.text) refers to stm32f10x_rcc.o(.text) for RCC_APB1PeriphResetCmd
    stm32f10x_gpio.o(.text) refers to stm32f10x_rcc.o(.text) for RCC_APB2PeriphResetCmd
    stm32f10x_rcc.o(.text) refers to stm32f10x_rcc.o(.data) for .data
    stm32f10x_spi.o(.text) refers to stm32f10x_rcc.o(.text) for RCC_APB2PeriphResetCmd
    stm32f10x_tim.o(.text) refers to stm32f10x_rcc.o(.text) for RCC_APB1PeriphResetCmd
    stm32f10x_usart.o(.text) refers to stm32f10x_rcc.o(.text) for RCC_APB2PeriphResetCmd
    stm32f10x_wwdg.o(.text) refers to stm32f10x_rcc.o(.text) for RCC_APB1PeriphResetCmd
    stm32f10x_bkp.o(.text) refers to stm32f10x_rcc.o(.text) for RCC_BackupResetCmd
    stm32f10x_pwr.o(.text) refers to stm32f10x_rcc.o(.text) for RCC_APB1PeriphResetCmd
    startup_stm32f10x_hd.o(RESET) refers to startup_stm32f10x_hd.o(.text) for Reset_Handler
    startup_stm32f10x_hd.o(RESET) refers to stm32f10x_it.o(.text) for NMI_Handler
    startup_stm32f10x_hd.o(RESET) refers to port.o(.emb_text) for vPortSVCHandler
    startup_stm32f10x_hd.o(RESET) refers to port.o(.text) for xPortSysTickHandler
    startup_stm32f10x_hd.o(RESET) refers to timerx.o(.text) for TIM3_IRQHandler
    startup_stm32f10x_hd.o(RESET) refers to modbus.o(.text) for USART1_IRQHandler
    startup_stm32f10x_hd.o(RESET) refers to tstat_wifi.o(.text) for EXTI15_10_IRQHandler
    startup_stm32f10x_hd.o(RESET) refers to wifi.o(.text) for UART4_IRQHandler
    startup_stm32f10x_hd.o(.text) refers to system_stm32f10x.o(.text) for SystemInit
    startup_stm32f10x_hd.o(.text) refers to entry.o(.ARM.Collect$$$$00000000) for __main
    myiic.o(.text) refers to stm32f10x_rcc.o(.text) for RCC_APB2PeriphClockCmd
    myiic.o(.text) refers to stm32f10x_gpio.o(.text) for GPIO_Init
    myiic.o(.text) refers to delay.o(.text) for delay_us
    24cxx.o(.text) refers to myiic.o(.text) for IIC_Init
    24cxx.o(.text) refers to modbus.o(.text) for Get_Mini_Type
    24cxx.o(.text) refers to delay.o(.text) for delay_us
    spi.o(.text) refers to stm32f10x_spi.o(.text) for SPI_Cmd
    spi.o(.text) refers to stm32f10x_rcc.o(.text) for RCC_APB2PeriphClockCmd
    spi.o(.text) refers to stm32f10x_gpio.o(.text) for GPIO_Init
    spi.o(.text) refers to modbus.o(.bss) for Modbus
    flash.o(.text) refers to spi.o(.text) for SPI1_ReadWriteByte
    flash.o(.text) refers to stm32f10x_rcc.o(.text) for RCC_APB2PeriphClockCmd
    flash.o(.text) refers to stm32f10x_gpio.o(.text) for GPIO_Init
    flash.o(.text) refers to delay.o(.text) for delay_us
    flash.o(.text) refers to flash.o(.data) for .data
    flash.o(.text) refers to flash.o(.bss) for .bss
    stmflash.o(.text) refers to delay.o(.text) for delay_us
    stmflash.o(.text) refers to stmflash.o(.emb_text) for MSR_MSP
    stmflash.o(.text) refers to stmflash.o(.bss) for .bss
    stmflash.o(.text) refers to stmflash.o(.data) for .data
    dma.o(.text) refers to delay.o(.text) for delay_ms
    dma.o(.text) refers to dma.o(.data) for .data
    timerx.o(.text) refers to stm32f10x_tim.o(.text) for TIM_GetFlagStatus
    timerx.o(.text) refers to stm32f10x_rcc.o(.text) for RCC_APB1PeriphClockCmd
    timerx.o(.text) refers to misc.o(.text) for NVIC_Init
    timerx.o(.text) refers to timerx.o(.data) for .data
    timerx.o(.text) refers to decode.o(.data) for miliseclast
    timerx.o(.text) refers to modbus.o(.data) for run_time
    timerx.o(.text) refers to rs485.o(.data) for SilenceTime
    enc28j60.o(.text) refers to stm32f10x_rcc.o(.text) for RCC_APB2PeriphClockCmd
    enc28j60.o(.text) refers to stm32f10x_gpio.o(.text) for GPIO_Init
    enc28j60.o(.text) refers to delay.o(.text) for delay_ms
    enc28j60.o(.text) refers to spi.o(.text) for SPI2_ReadWriteByte
    enc28j60.o(.text) refers to enc28j60.o(.data) for .data
    enc28j60.o(.text) refers to modbus.o(.text) for QuickSoftReset
    rtc.o(.text) refers to stm32f10x_rtc.o(.text) for RTC_GetCounter
    rtc.o(.text) refers to stm32f10x_rcc.o(.text) for RCC_APB1PeriphClockCmd
    rtc.o(.text) refers to stm32f10x_pwr.o(.text) for PWR_BackupAccessCmd
    rtc.o(.text) refers to stm32f10x_bkp.o(.text) for BKP_ReadBackupRegister
    rtc.o(.text) refers to delay.o(.text) for delay_ms
    rtc.o(.text) refers to rtc.o(.constdata) for .constdata
    rtc.o(.text) refers to rtc.o(.data) for .data
    rtc.o(.text) refers to user_data.o(.data) for Local_Date
    rtc.o(.text) refers to user_data.o(.data) for Local_Time
[...]
    MainCRClo                                0x60000272   Data           1  modbus.o(.data)
    flagLED_uart0_rx                         0x60000273   Data           1  modbus.o(.data)
    flagLED_uart0_tx                         0x60000274   Data           1  modbus.o(.data)
    flagLED_uart1_rx                         0x60000275   Data           1  modbus.o(.data)
    flagLED_uart1_tx                         0x60000276   Data           1  modbus.o(.data)
    flagLED_uart2_rx                         0x60000277   Data           1  modbus.o(.data)
    flagLED_uart2_tx                         0x60000278   Data           1  modbus.o(.data)
    uart2_dealwithTag                        0x60000279   Data           1  modbus.o(.data)
    uart2_transmit_finished                  0x6000027a   Data           1  modbus.o(.data)
    flag_sem_response_modbus                 0x6000027b   Data           1  modbus.o(.data)
    scan_port                                0x6000027c   Data           1  modbus.o(.data)
    scan_baut                                0x6000027d   Data           1  modbus.o(.data)
    Daylight_Saving_Time                     0x6000027e   Data           1  modbus.o(.data)
    bbmd_en                                  0x6000027f   Data           1  modbus.o(.data)
    uart0_baudrate                           0x60000280   Data           1  modbus.o(.data)
    uart1_baudrate                           0x60000281   Data           1  modbus.o(.data)
    uart2_baudrate                           0x60000282   Data           1  modbus.o(.data)
    test_adc_flag                            0x60000283   Data           1  modbus.o(.data)
    uart0_dealwithTag                        0x60000284   Data           1  modbus.o(.data)
    uart1_dealwithTag                        0x60000285   Data           1  modbus.o(.data)
    main_dealwithTag                         0x60000286   Data           1  modbus.o(.data)
    uart0_serial_receive_timeout_count       0x60000287   Data           1  modbus.o(.data)
    uart2_serial_receive_timeout_count       0x60000288   Data           1  modbus.o(.data)
    uart0_transmit_finished                  0x60000289   Data           1  modbus.o(.data)
    uart1_transmit_finished                  0x6000028a   Data           1  modbus.o(.data)
    SERIAL_RECEIVE_TIMEOUT                   0x6000028b   Data           1  modbus.o(.data)
    SNWriteflag                              0x6000028c   Data           1  modbus.o(.data)
    uart2_rece_size                          0x6000028e   Data           2  modbus.o(.data)
    test_adc                                 0x60000290   Data           2  modbus.o(.data)
    uart0_rece_size                          0x60000292   Data           2  modbus.o(.data)
    uart1_rece_size                          0x60000294   Data           2  modbus.o(.data)
    main_rece_size                           0x60000296   Data           2  modbus.o(.data)
    TransID                                  0x60000298   Data           2  modbus.o(.data)
    PT1K_para                                0x6000029a   Data           2  modbus.o(.data)
    uart0_sendbyte_num                       0x6000029c   Data           2  modbus.o(.data)
    uart1_sendbyte_num                       0x6000029e   Data           2  modbus.o(.data)
    uart2_sendbyte_num                       0x600002a0   Data           2  modbus.o(.data)
    uart0_send_count                         0x600002a2   Data           2  modbus.o(.data)
    uart1_send_count                         0x600002a4   Data           2  modbus.o(.data)
    uart2_send_count                         0x600002a6   Data           2  modbus.o(.data)
    uart2_rece_count                         0x600002a8   Data           2  modbus.o(.data)
    tcp_server_sendlen                       0x600002aa   Data           2  modbus.o(.data)
    timezone                                 0x600002ac   Data           2  modbus.o(.data)
    mstp_network                             0x600002ae   Data           2  modbus.o(.data)
    subnet_rec_package_size                  0x600002b0   Data           2  modbus.o(.data)
    uart0_rece_count                         0x600002b2   Data           2  modbus.o(.data)
    uart1_rece_count                         0x600002b4   Data           2  modbus.o(.data)
    SntpServer                               0x600002b6   Data           4  modbus.o(.data)
    run_time                                 0x600002bc   Data           4  modbus.o(.data)
    run_time_last                            0x600002c0   Data           4  modbus.o(.data)
    Handle_MainSerial                        0x600002c4   Data           4  modbus.o(.data)
    sem_response_modbus                      0x600002c8   Data           4  modbus.o(.data)
    sem_subnet_tx_uart0                      0x600002cc   Data           4  modbus.o(.data)
    sem_subnet_tx_uart2                      0x600002d0   Data           4  modbus.o(.data)
    sem_subnet_tx_uart1                      0x600002d4   Data           4  modbus.o(.data)
    ex_moudle                                0x600002d8   Data           5  modbus.o(.data)
    max_buf                                  0x600002de   Data           6  modbus.o(.data)
    zigbee_exist                             0x600002e4   Data           1  modbus.o(.data)
    temp_baut                                0x600002e5   Data           3  modbus.o(.data)
    flag_temp_baut                           0x600002e8   Data           3  modbus.o(.data)
    count_reintial_tcpip                     0x600002ec   Data           2  modbus.o(.data)
    reboot_counter                           0x600002ee   Data           1  modbus.o(.data)
    ChangeFlash                              0x600002f2   Data           1  main.o(.data)
    flag_resume_rs485                        0x600002f3   Data           1  main.o(.data)
    resume_rs485_count                       0x600002f4   Data           1  main.o(.data)
    cpu_type                                 0x600002f8   Data           1  main.o(.data)
    current_task                             0x600002f9   Data           1  main.o(.data)
    flag_Updata_Clock                        0x600002fa   Data           1  main.o(.data)
    flag_suspend_mstp                        0x600002fb   Data           1  main.o(.data)
    flag_Update_Sntp                         0x600002fc   Data           1  main.o(.data)
    Update_Sntp_Retry                        0x600002fd   Data           1  main.o(.data)
    flag_Update_Dyndns                       0x600002fe   Data           1  main.o(.data)
    Update_Dyndns_Retry                      0x600002ff   Data           1  main.o(.data)
    flag_reset_default                       0x60000300   Data           1  main.o(.data)
    flag_reboot                              0x60000301   Data           1  main.o(.data)
    ether_tx_inactive_count                  0x60000302   Data           1  main.o(.data)
    check_input_alarm_count                  0x60000303   Data           1  main.o(.data)
    retry_tcpip_intial                       0x60000304   Data           1  main.o(.data)
    count_refresh_all                        0x60000306   Data           2  main.o(.data)
    count_flash                              0x60000308   Data           2  main.o(.data)
    count_suspend_mstp                       0x6000030e   Data           2  main.o(.data)
    count_sntp                               0x60000318   Data           4  main.o(.data)
    xHandleMSTP                              0x60000320   Data           4  main.o(.data)
    xHandleCommon                            0x60000324   Data           4  main.o(.data)
    xHandleBacnetControl                     0x60000328   Data           4  main.o(.data)
    xHandleMornitor_task                     0x6000032c   Data           4  main.o(.data)
    ether_rx_packet                          0x60000330   Data           4  main.o(.data)
    ether_tx_packet                          0x60000334   Data           4  main.o(.data)
    flag_ready_to_scan                       0x60000338   Data           1  tstat_wifi.o(.data)
    PirSensorZero                            0x6000033a   Data           1  tstat_wifi.o(.data)
    Pir_Sensetivity                          0x6000033b   Data           1  tstat_wifi.o(.data)
    override_timer                           0x6000033c   Data           1  tstat_wifi.o(.data)
    item_to_adjust                           0x6000033d   Data           1  tstat_wifi.o(.data)
    override_timer_time                      0x6000033e   Data           2  tstat_wifi.o(.data)
    voltage_occ                              0x60000340   Data           2  tstat_wifi.o(.data)
    tem_org                                  0x60000344   Data           4  tstat_wifi.o(.data)
    hum_org                                  0x60000348   Data           4  tstat_wifi.o(.data)
    relay_value                              0x6000034c   Data           4  tstat_wifi.o(.data)
    xHandler_Input                           0x60000350   Data           4  tstat_wifi.o(.data)
    xHandler_Output                          0x60000354   Data           4  tstat_wifi.o(.data)
    voice_table                              0x60000358   Data          40  tstat_wifi.o(.data)
    flag_send_ntp_by_wifi                    0x6000038a   Data           1  sntpc.o(.data)
    count_reboot_wifi                        0x6000038c   Data           1  wifi.o(.data)
    flag_wifi                                0x6000038e   Data           1  wifi.o(.data)
    flag_set_wifi                            0x6000038f   Data           1  wifi.o(.data)
    rec_mstp_index                           0x60000390   Data           1  wifi.o(.data)
    rec_mstp_index1                          0x60000391   Data           1  wifi.o(.data)
    count_transfer_bip_to_mstp               0x60000392   Data           1  wifi.o(.data)
    state                                    0x60000393   Data           1  wifi.o(.data)
    get_ip                                   0x60000394   Data           1  wifi.o(.data)
    flag_start_smart                         0x60000395   Data           1  wifi.o(.data)
    flag_connect_AP                          0x60000396   Data           1  wifi.o(.data)
    bacnet_wifi_len                          0x60000398   Data           2  wifi.o(.data)
    modbus_wifi_len                          0x6000039a   Data           2  wifi.o(.data)
    Wifi_Handler                             0x6000039c   Data           4  wifi.o(.data)
    send_mstp_index                          0x600003a0   Data           1  wifi.o(.data)
    menu_system_start                        0x600003a4   Data           1  menu.o(.data)
    menu_password                            0x600003a5   Data           1  menu.o(.data)
    menu_block_timer_start                   0x600003a8   Data           4  menu.o(.data)
    menu_block_timer_end                     0x600003ac   Data           4  menu.o(.data)
    xMutex                                   0x600003b0   Data           4  menu.o(.data)
    StateArray                               0x600003b4   Data          42  menu.o(.data)
    flag_left_key                            0x600003df   Data           1  menuidle.o(.data)
    count_left_key                           0x600003e0   Data           1  menuidle.o(.data)
    UI_DIS_LINE1                             0x600003e1   Data           4  menuidle.o(.data)
    UI_DIS_LINE2                             0x600003e5   Data           4  menuidle.o(.data)
    UI_DIS_LINE3                             0x600003e9   Data           4  menuidle.o(.data)
    blink_count                              0x600003ee   Data           1  menuset.o(.data)
    flag_blink                               0x600003ef   Data           1  menuset.o(.data)
    set_value                                0x600003f0   Data           2  menuset.o(.data)
    SD_exist                                 0x600003f4   Data           1  exfuns.o(.data)
    pre_open_file_index                      0x600003f5   Data           1  exfuns.o(.data)
    count_sd_seek_error                      0x600003f6   Data           1  exfuns.o(.data)
    index_in_time_txt                        0x600003f7   Data           1  exfuns.o(.data)
    flag_f_mount                             0x600003f8   Data           1  exfuns.o(.data)
    br                                       0x60000400   Data           4  exfuns.o(.data)
    bw                                       0x60000404   Data           4  exfuns.o(.data)
    SGP_DRV_VERSION_STR                      0x60000410   Data           4  sgp_git_version.o(.data)
    voc_ok                                   0x60000489   Data           1  voc.o(.data)
    voc_ini_baseline                         0x6000048a   Data           1  voc.o(.data)
    voc_value                                0x6000048c   Data           2  voc.o(.data)
    iaq_baseline                             0x60000490   Data           4  voc.o(.data)
    AIS                                      0x60000494   Data           1  ai.o(.data)
    AOS                                      0x60000495   Data           1  ao.o(.data)
    AVS                                      0x60000496   Data           1  av.o(.data)
    BIS                                      0x600004d1   Data           1  bi.o(.data)
    BVS                                      0x600004d2   Data           1  bv.o(.data)
    BOS                                      0x600004d3   Data           1  bo.o(.data)
    BVLC_Result_Code                         0x600004e0   Data           1  bvlc.o(.data)
    BVLC_Function_Code                       0x600004e1   Data           1  bvlc.o(.data)
    Object_Instance_Number                   0x600004e8   Data           4  device.o(.data)
    This_Station                             0x60000796   Data           1  dlmstp.o(.data)
    TransmitPacket_panel                     0x6000079a   Data           1  dlmstp.o(.data)
    DataLength                               0x600007a0   Data           2  dlmstp.o(.data)
    TransmitPacketLen                        0x600007a4   Data           2  dlmstp.o(.data)
    MSTP_Flag                                0x600007b0   Data           4  dlmstp.o(.data)
    modbus_frame                             0x600007b8   Data           8  dlmstp.o(.data)
    Send_I_Am_Flag                           0x600007c0   Data           1  h_whois.o(.data)
    Send_Whois_Flag                          0x600007c1   Data           1  h_whois.o(.data)
    Send_Private_Flag                        0x600007c2   Data           1  h_whois.o(.data)
    Send_Time_Sync                           0x600007c3   Data           1  h_whois.o(.data)
    SilenceTime                              0x600007c4   Data           2  rs485.o(.data)
    CALENDARS                                0x600007c6   Data           1  calendar.o(.data)
    SCHEDULES                                0x600007c8   Data           1  schedule.o(.data)
    Start_Date                               0x600007ca   Data           6  schedule.o(.data)
    End_Date                                 0x600007d0   Data           6  schedule.o(.data)
    TemcoVars                                0x600007d6   Data           1  proprietary.o(.data)
    MSVS                                     0x600007d7   Data           1  msv.o(.data)
    __microlib_freelist                      0x600007e8   Data           4  mvars.o(.data)
    __microlib_freelist_initialised          0x600007ec   Data           4  mvars.o(.data)
    iapbuf                                   0x600007f4   Data        2048  stmflash.o(.bss)
    STMFLASH_BUF                             0x60000ff4   Data        2048  stmflash.o(.bss)
    Rtc                                      0x600017f4   Data          10  rtc.o(.bss)
    AI_Index_To_Instance                     0x600109f4   Data          64  bac_interface.o(.bss)
    BI_Index_To_Instance                     0x60010a34   Data          64  bac_interface.o(.bss)
    AO_Index_To_Instance                     0x60010a74   Data          64  bac_interface.o(.bss)
    BO_Index_To_Instance                     0x60010ab4   Data          64  bac_interface.o(.bss)
    AV_Index_To_Instance                     0x60010af4   Data         128  bac_interface.o(.bss)
    BV_Index_To_Instance                     0x60010b74   Data         128  bac_interface.o(.bss)
    AI_Instance_To_Index                     0x60010bf4   Data          64  bac_interface.o(.bss)
    BI_Instance_To_Index                     0x60010c34   Data          64  bac_interface.o(.bss)
    AO_Instance_To_Index                     0x60010c74   Data          64  bac_interface.o(.bss)
    BO_Instance_To_Index                     0x60010cb4   Data          64  bac_interface.o(.bss)
    AV_Instance_To_Index                     0x60010cf4   Data         128  bac_interface.o(.bss)
    BV_Instance_To_Index                     0x60010d74   Data         128  bac_interface.o(.bss)
    backup_AI_value                          0x60010df4   Data         256  bac_interface.o(.bss)
    backup_AV_value                          0x60010ef4   Data         256  bac_interface.o(.bss)
    mtu                                      0x60010ff4   Data         630  bip.o(.bss)
    output_state_index                       0x6001126a   Data          32  bac_control.o(.bss)
    first_time_schedual                      0x6001128a   Data          32  bac_control.o(.bss)
    con_aux                                  0x600112aa   Data         192  bac_control.o(.bss)
    output_pri_live                          0x6001136a   Data          64  bac_control.o(.bss)
    SD_block_num                             0x600113c4   Data          96  monitor.o(.bss)
    read_mon_point_buf                       0x60011424   Data         400  monitor.o(.bss)
    write_mon_point_buf                      0x600115b4   Data        9600  monitor.o(.bss)
    mon_block                                0x60013b34   Data       11040  monitor.o(.bss)
    last_digital_index                       0x60016654   Data          12  monitor.o(.bss)
    last_digital_sample_time                 0x60016660   Data          48  monitor.o(.bss)
    points_header                            0x60016690   Data        2560  point.o(.bss)
    temp                                     0x60017090   Data         600  ptransfer.o(.bss)
    Rtc2                                     0x600172e8   Data          10  ptransfer.o(.bss)
    Test                                     0x600172f2   Data         100  ptransfer.o(.bss)
    prg_code                                 0x60017356   Data       32000  ptransfer.o(.bss)
    MSTP_Send_buffer                         0x6001f056   Data         600  ptransfer.o(.bss)
    MSTP_Rec_Header                          0x6001f2ae   Data          12  ptransfer.o(.bss)
    bacnet_to_modbus                         0x6001f2ba   Data         300  ptransfer.o(.bss)
    bacnet_to_modbus_struct                  0x6001f3e6   Data         808  ptransfer.o(.bss)
    Temp_CS                                  0x6001f70e   Data         598  ptransfer.o(.bss)
    MSTP_Rec_buffer                          0x6001f964   Data         600  ptransfer.o(.bss)
    update_dyndns_time                       0x6001fbbc   Data          10  user_data.o(.bss)
    input_raw                                0x6001fbc6   Data         128  user_data.o(.bss)
    input_raw_back                           0x6001fc46   Data         128  user_data.o(.bss)
    output_raw                               0x6001fcc6   Data         128  user_data.o(.bss)
    output_raw_back                          0x6001fd46   Data         128  user_data.o(.bss)
    chip_info                                0x6001fdc6   Data          12  user_data.o(.bss)
    extio_points                             0x6001fdd2   Data         360  user_data.o(.bss)
    month_length                             0x6001ff3a   Data          12  user_data.o(.bss)
    info                                     0x6001ff46   Data         144  user_data.o(.bss)
    var_unit                                 0x6001ffd6   Data         100  user_data.o(.bss)
    Write_Special                            0x6002003a   Data         100  user_data.o(.bss)
    MISC_Info                                0x6002009e   Data         400  user_data.o(.bss)
    Remote_tst_db                            0x6002022e   Data         385  user_data.o(.bss)
    Panel_Info                               0x600203af   Data          23  user_data.o(.bss)
    Setting_Info                             0x600203c6   Data         400  user_data.o(.bss)
    Garphi_data_buf                          0x60020556   Data         476  user_data.o(.bss)
    alarms                                   0x60020732   Data        1632  user_data.o(.bss)
    alarms_set                               0x60020d92   Data         480  user_data.o(.bss)
    digi_units                               0x60020f72   Data         200  user_data.o(.bss)
    passwords                                0x6002103a   Data         384  user_data.o(.bss)
    programs                                 0x600211ba   Data         592  user_data.o(.bss)
    vars                                     0x6002140a   Data        5460  user_data.o(.bss)
    controllers                              0x6002295e   Data         448  user_data.o(.bss)
    totalizers                               0x60022b1e   Data          90  user_data.o(.bss)
    monitors                                 0x60022b78   Data        1248  user_data.o(.bss)
    backup_monitors                          0x60023058   Data        1248  user_data.o(.bss)
    msv_data                                 0x60023538   Data         736  user_data.o(.bss)
    Email_Setting                            0x60023818   Data         400  user_data.o(.bss)
    control_groups                           0x600239a8   Data         736  user_data.o(.bss)
    group_data                               0x60023c88   Data       16800  user_data.o(.bss)
    weekly_routines                          0x60027e28   Data         336  user_data.o(.bss)
    wr_times                                 0x60027f78   Data        1152  user_data.o(.bss)
    wr_time_on_off                           0x600283f8   Data         576  user_data.o(.bss)
    annual_routines                          0x60028638   Data         132  user_data.o(.bss)
    ar_dates                                 0x600286bc   Data         184  user_data.o(.bss)
    ID_Config                                0x60028774   Data        9906  user_data.o(.bss)
    ID_Config_Sche                           0x6002ae26   Data         254  user_data.o(.bss)
    output_priority                          0x6002af24   Data        4096  user_data.o(.bss)
    panelname                                0x6002bf24   Data          20  user_data.o(.bss)
    network_points_list_bacnet               0x6002bf38   Data         864  user_data.o(.bss)
    network_points_list_modbus               0x6002c298   Data         864  user_data.o(.bss)
    remote_points_list_bacnet                0x6002c5f8   Data        3584  user_data.o(.bss)
    remote_points_list_modbus                0x6002d3f8   Data        3584  user_data.o(.bss)
    remote_panel_db                          0x6002e1f8   Data        1290  user_data.o(.bss)
    output_relinquish                        0x6002e704   Data         256  user_data.o(.bss)
    Last_Contact_Network_points_bacnet       0x6002e804   Data          64  user_data.o(.bss)
    Last_Contact_Remote_points_bacnet        0x6002e844   Data         256  user_data.o(.bss)
    Last_Contact_Remote_points_modbus        0x6002e944   Data         256  user_data.o(.bss)
    stack                                    0x6002ea44   Data          80  user_data.o(.bss)
    message                                  0x6002ea94   Data          94  user_data.o(.bss)
    write_page_en                            0x6002ebcc   Data          26  flash_user.o(.bss)
    Flash_Position                           0x60033a06   Data          96  flash_user.o(.bss)
    icon                                     0x60033a66   Data           9  er-tft024-3_4-wire_spi.o(.bss)
    scroll_buf                               0x60033a6f   Data          11  er-tft024-3_4-wire_spi.o(.bss)
    Modename                                 0x60033a7a   Data          16  er-tft024-3_4-wire_spi.o(.bss)
    icon_flag                                0x60033a8a   Data           9  er-tft024-3_4-wire_spi.o(.bss)
    uart0_sub_addr                           0x60033a93   Data         254  commsub.o(.bss)
    uart1_sub_addr                           0x60033b91   Data         254  commsub.o(.bss)
    uart2_sub_addr                           0x60033c8f   Data         254  commsub.o(.bss)
    sub_map                                  0x60033d8d   Data        3048  commsub.o(.bss)
    tmp_sendbuf                              0x60034978   Data         500  scan.o(.bss)
    node_write                               0x60034b6c   Data        2160  scan.o(.bss)
    com_rx                                   0x600353dc   Data          12  scan.o(.bss)
    com_tx                                   0x600353e8   Data          12  scan.o(.bss)
    tstat_name                               0x600353f4   Data        4080  scan.o(.bss)
    flag_tstat_name                          0x600363e4   Data         255  scan.o(.bss)
    count_read_tstat_name                    0x600364e4   Data         510  scan.o(.bss)
    scan_db                                  0x600366e2   Data        1785  scan.o(.bss)
    scan_db_time_to_live                     0x60036ddc   Data         510  scan.o(.bss)
    db_online                                0x60036fda   Data          32  scan.o(.bss)
    db_occupy                                0x60036ffa   Data          32  scan.o(.bss)
    current_online                           0x6003701a   Data          32  scan.o(.bss)
    tst_retry                                0x6003703a   Data         255  scan.o(.bss)
    Sch_To_T8                                0x60037139   Data        2040  scan.o(.bss)
    id_conflict                              0x60037931   Data         260  scan.o(.bss)
    clear_high_spd                           0x60037a38   Data          12  modbus.o(.bss)
    uart0_send_buf                           0x60037a44   Data         500  modbus.o(.bss)
    uart1_send_buf                           0x60037c38   Data         500  modbus.o(.bss)
    uart2_send_buf                           0x60037e2c   Data         500  modbus.o(.bss)
    uart2_data_buffer                        0x60038020   Data         500  modbus.o(.bss)
    tcp_server_sendbuf                       0x60038214   Data         300  modbus.o(.bss)
    Modbus                                   0x60038340   Data         101  modbus.o(.bss)
    high_spd_counter                         0x600383a8   Data          48  modbus.o(.bss)
    high_spd_en                              0x600383d8   Data          12  modbus.o(.bss)
    uart0_data_buffer                        0x600383e4   Data         500  modbus.o(.bss)
    uart1_data_buffer                        0x600385d8   Data         500  modbus.o(.bss)
    main_data_buffer                         0x600387cc   Data         500  modbus.o(.bss)
    subnet_response_buf                      0x600389c0   Data         500  modbus.o(.bss)
    high_spd_counter_tempbuf                 0x60038bb4   Data          48  modbus.o(.bss)
    Input_RPM                                0x60038be4   Data          48  modbus.o(.bss)
    task_test                                0x60038c14   Data          90  main.o(.bss)
    default_pwm                              0x60038c6e   Data          20  main.o(.bss)
    PDUBuffer                                0x60038c82   Data         600  main.o(.bss)
    old_reading                              0x60038edc   Data         128  range.o(.bss)
    intput_raw_sum                           0x60038f5c   Data         128  range.o(.bss)
    input_raw_max                            0x60038fdc   Data          64  range.o(.bss)
    input_raw_min                            0x6003901c   Data          64  range.o(.bss)
    input_count                              0x6003905c   Data          32  range.o(.bss)
    FAN_MODE                                 0x6003907c   Data          72  tstat_wifi.o(.bss)
    flag_count_in                            0x600390c4   Data          12  tstat_wifi.o(.bss)
    slop                                     0x600390d0   Data          10  tstat_wifi.o(.bss)
    t                                        0x600390da   Data          28  sntpc.o(.bss)
    sntp_server                              0x600390f6   Data          30  sntpc.o(.bss)
    time                                     0x60039114   Data          20  user_arm.o(.bss)
    cStr                                     0x60039128   Data        1024  wifi.o(.bss)
    SSID_Info                                0x60039528   Data         124  wifi.o(.bss)
    mstp_bac_buf                             0x600395a4   Data        6020  wifi.o(.bss)
    mstp_bac_buf1                            0x6003ad28   Data        6020  wifi.o(.bss)
    Scan_Infor                               0x6003c4ac   Data          64  wifi.o(.bss)
    bacnet_wifi_buf                          0x6003c4ec   Data         600  wifi.o(.bss)
    modbus_wifi_buf                          0x6003c744   Data         500  wifi.o(.bss)
    packet                                   0x6003c938   Data        1024  wifi.o(.bss)
    SendBuff                                 0x6003cd38   Data         600  wifi.o(.bss)
    strEsp8266_Fram_Record                   0x6003cf90   Data        1026  bsp_esp8266.o(.bss)
    CurrentState                             0x6003d392   Data          14  menu.o(.bss)
    fs                                       0x6003d3a0   Data         558  exfuns.o(.bss)
    file                                     0x6003d5ce   Data       26304  exfuns.o(.bss)
    rw_sd_buf                                0x60043c8e   Data         512  exfuns.o(.bss)
    voc_buf                                  0x60043ec8   Data          10  voc.o(.bss)
    Address_Cache                            0x60043ed4   Data        9180  address.o(.bss)
    TransmitPacket                           0x60047494   Data         626  dlmstp.o(.bss)
    wp_data                                  0x60047708   Data         624  h_wp.o(.bss)
    Receive_Buffer_Data0                     0x60047978   Data         512  rs485.o(.bss)
    Receive_Buffer0                          0x60047b78   Data          16  rs485.o(.bss)
    Temp_Buf                                 0x60047b88   Data         600  h_rpm.o(.bss)
    custom_tab                               0x60047de0   Data         525  inputs.o(.bss)
    inputs                                   0x60047fed   Data        2944  inputs.o(.bss)
    input_type                               0x60048b6d   Data          32  inputs.o(.bss)
    input_type1                              0x60048b8d   Data          32  inputs.o(.bss)
    outputs                                  0x60048bad   Data        2880  outputs.o(.bss)
    Handler_Transmit_Buffer                  0x60072c58   Data        1252  txbuf.o(.bss)
    __heap_base                              0x60073410   Data           0  startup_stm32f10x_hd.o(HEAP)
    __heap_limit                             0x60073610   Data           0  startup_stm32f10x_hd.o(HEAP)



==============================================================================

Memory Map of the image

  Image Entry point : 0x08008131

  Load Region LR_IROM1 (Base: 0x08008000, Size: 0x0003f194, Max: 0x00060000, ABSOLUTE, COMPRESSED[0x0003ec18])

    Execution Region ER_IROM1 (Base: 0x08008000, Size: 0x0003e9a0, Max: 0x00060000, ABSOLUTE)

    Base Addr    Size         Type   Attr      Idx    E Section Name        Object

    0x08008000   0x00000130   Data   RO          793    RESET               startup_stm32f10x_hd.o
    0x08008130   0x00000000   Code   RO         4750  * .ARM.Collect$$$$00000000  mc_w.l(entry.o)
    0x08008130   0x00000004   Code   RO         5101    .ARM.Collect$$$$00000001  mc_w.l(entry2.o)
    0x08008134   0x00000004   Code   RO         5104    .ARM.Collect$$$$00000004  mc_w.l(entry5.o)
    0x08008138   0x00000000   Code   RO         5106    .ARM.Collect$$$$00000008  mc_w.l(entry7b.o)
    0x08008138   0x00000000   Code   RO         5108    .ARM.Collect$$$$0000000A  mc_w.l(entry8b.o)
    0x08008138   0x00000008   Code   RO         5109    .ARM.Collect$$$$0000000B  mc_w.l(entry9a.o)
    0x08008140   0x00000000   Code   RO         5111    .ARM.Collect$$$$0000000D  mc_w.l(entry10a.o)
    0x08008140   0x00000000   Code   RO         5113    .ARM.Collect$$$$0000000F  mc_w.l(entry11a.o)
    0x08008140   0x00000004   Code   RO         5102    .ARM.Collect$$$$00002712  mc_w.l(entry2.o)
    0x08008144   0x00000006   Code   RO          972    .emb_text           stmflash.o
    0x0800814a   0x00000002   PAD
    0x0800814c   0x00000096   Code   RO         1343    .emb_text           port.o
    0x080081e2   0x0000001e   Code   RO         4576    .text               bacnet_ARM_revXX_mini.lib(memcopy.o)
    0x08008200   0x00000014   Data   RO         2251    .ARM.__AT_0x08008200  info.o
    0x08008214   0x000000d0   Code   RO            1    .text               stm32f10x_it.o
    0x080082e4   0x00000158   Code   RO          508    .text               system_stm32f10x.o
    0x0800843c   0x000000b0   Code   RO          526    .text               misc.o
    0x080084ec   0x00000338   Code   RO          558    .text               stm32f10x_adc.o
    0x08008824   0x000001c8   Code   RO          601    .text               stm32f10x_dma.o
    0x080089ec   0x000000e8   Code   RO          613    .text               stm32f10x_exti.o
    0x08008ad4   0x00000264   Code   RO          638    .text               stm32f10x_gpio.o
    0x08008d38   0x0000003c   Code   RO          650    .text               stm32f10x_iwdg.o
    0x08008d74   0x000002b8   Code   RO          662    .text               stm32f10x_rcc.o
    0x0800902c   0x00000110   Code   RO          676    .text               stm32f10x_rtc.o
    0x0800913c   0x00000274   Code   RO          701    .text               stm32f10x_spi.o
    0x080093b0   0x00000af0   Code   RO          713    .text               stm32f10x_tim.o
    0x08009ea0   0x00000328   Code   RO          726    .text               stm32f10x_usart.o
    0x0800a1c8   0x00000098   Code   RO          753    .text               stm32f10x_bkp.o
    0x0800a260   0x000000ac   Code   RO          765    .text               stm32f10x_pwr.o
    0x0800a30c   0x000000c4   Code   RO          794    .text               startup_stm32f10x_hd.o
    0x0800a3d0   0x0000023c   Code   RO          798    .text               myiic.o
    0x0800a60c   0x00000188   Code   RO          814    .text               24cxx.o
    0x0800a794   0x000003b8   Code   RO          827    .text               spi.o
    0x0800ab4c   0x000002b0   Code   RO          973    .text               stmflash.o
    0x0800adfc   0x00000154   Code   RO         1008    .text               timerx.o
    0x0800af50   0x00000314   Code   RO         1078    .text               rtc.o
    0x0800b264   0x000005e4   Code   RO         1109    .text               mmc_sd.o
    0x0800b848   0x00000208   Code   RO         1225    .text               i2c_hal.o
    0x0800ba50   0x00000548   Code   RO         1244    .text               sht3x.o
    0x0800bf98   0x00000d84   Code   RO         1263    .text               tasks.o
    0x0800cd1c   0x00000088   Code   RO         1310    .text               list.o
    0x0800cda4   0x000005ea   Code   RO         1325    .text               queue.o
    0x0800d38e   0x00000002   PAD
    0x0800d390   0x000000c8   Code   RO         1344    .text               port.o
    0x0800d458   0x000000f4   Code   RO         1374    .text               heap_2.o
    0x0800d54c   0x00000318   Code   RO         1392    .text               usart.o
    0x0800d864   0x0000009c   Code   RO         1451    .text               delay.o
    0x0800d900   0x000020a0   Code   RO         1465    .text               bac_interface.o
    0x0800f9a0   0x0000037c   Code   RO         1501    .text               bip.o
    0x0800fd1c   0x000008b8   Code   RO         1580    .text               alarm.o
    0x080105d4   0x00000f20   Code   RO         1749    .text               bac_control.o
    0x080114f4   0x000014c8   Code   RO         1788    .text               decode.o
    0x080129bc   0x00000ee8   Code   RO         1824    .text               monitor.o
    0x080138a4   0x000013cc   Code   RO         1857    .text               point.o
    0x08014c70   0x00002024   Code   RO         1889    .text               ptransfer.o
    0x08016c94   0x000010b0   Code   RO         1933    .text               user_data.o
    0x08017d44   0x000004fc   Code   RO         2011    .text               io.o
    0x08018240   0x00000964   Code   RO         2024    .text               flash_user.o
    0x08018ba4   0x00001450   Code   RO         2047    .text               er-tft024-3_4-wire_spi.o
    0x08019ff4   0x00000154   Code   RO         2095    .text               key.o
    0x0801a148   0x000005a8   Code   RO         2126    .text               commsub.o
    0x0801a6f0   0x000023fa   Code   RO         2157    .text               scan.o
    0x0801caea   0x00000002   PAD
    0x0801caec   0x000041c0   Code   RO         2260    .text               modbus.o
    0x08020cac   0x00001498   Code   RO         2321    .text               main.o
    0x08022144   0x00000180   Code   RO         2371    .text               range.o
    0x080222c4   0x00000eac   Code   RO         2388    .text               tstat_wifi.o
    0x08023170   0x000003e8   Code   RO         2418    .text               sntpc.o
    0x08023558   0x00000274   Code   RO         2441    .text               user_arm.o
    0x080237cc   0x00000ebc   Code   RO         2456    .text               wifi.o
    0x08024688   0x00001024   Code   RO         2487    .text               bsp_esp8266.o
    0x080256ac   0x00000194   Code   RO         2588    .text               menu.o
    0x08025840   0x0000091c   Code   RO         2633    .text               menuidle.o
    0x0802615c   0x00000200   Code   RO         2653    .text               menuset.o
    0x0802635c   0x00000120   Code   RO         2705    .text               menumain.o
    0x0802647c   0x00000640   Code   RO         2721    .text               exfuns.o
    0x08026abc   0x000000a2   Code   RO         2764    .text               diskio.o
    0x08026b5e   0x00000002   PAD
    0x08026b60   0x00001c92   Code   RO         2783    .text               ff.o
    0x080287f2   0x00000190   Code   RO         2799    .text               sensirion_common.o
    0x08028982   0x00000196   Code   RO         2821    .text               sensirion_sw_i2c.o
    0x08028b18   0x000000a4   Code   RO         2837    .text               sensirion_sw_i2c_implementation.o
    0x08028bbc   0x000004a4   Code   RO         2863    .text               sgp30.o
    0x08029060   0x00000158   Code   RO         2934    .text               voc.o
    0x080291b8   0x000002fc   Code   RO         2955    .text               bacnet_ARM_revXX_mini.lib(ai.o)
    0x080294b4   0x000004d4   Code   RO         3153    .text               bacnet_ARM_revXX_mini.lib(ao.o)
    0x08029988   0x000004a2   Code   RO         3223    .text               bacnet_ARM_revXX_mini.lib(av.o)
    0x08029e2a   0x00000002   PAD
    0x08029e2c   0x00000560   Code   RO         3244    .text               bacnet_ARM_revXX_mini.lib(address.o)
    0x0802a38c   0x00000420   Code   RO         3322    .text               bacnet_ARM_revXX_mini.lib(apdu.o)
    0x0802a7ac   0x000002f4   Code   RO         3351    .text               bacnet_ARM_revXX_mini.lib(bi.o)
    0x0802aaa0   0x0000031c   Code   RO         3373    .text               bacnet_ARM_revXX_mini.lib(bv.o)
    0x0802adbc   0x00000502   Code   RO         3390    .text               bacnet_ARM_revXX_mini.lib(bo.o)
    0x0802b2be   0x00000002   PAD
    0x0802b2c0   0x000007b4   Code   RO         3531    .text               bacnet_ARM_revXX_mini.lib(bacapp.o)
    0x0802ba74   0x00000d4c   Code   RO         3558    .text               bacnet_ARM_revXX_mini.lib(bacdcode.o)
    0x0802c7c0   0x00000138   Code   RO         3614    .text               bacnet_ARM_revXX_mini.lib(bacint.o)
    0x0802c8f8   0x00000116   Code   RO         3626    .text               bacnet_ARM_revXX_mini.lib(bacreal.o)
    0x0802ca0e   0x00000002   PAD
    0x0802ca10   0x000008aa   Code   RO         3639    .text               bacnet_ARM_revXX_mini.lib(bvlc.o)
    0x0802d2ba   0x0000008e   Code   RO         3656    .text               bacnet_ARM_revXX_mini.lib(datalink.o)
    0x0802d348   0x00000994   Code   RO         3739    .text               bacnet_ARM_revXX_mini.lib(device.o)
    0x0802dcdc   0x00000a34   Code   RO         3767    .text               bacnet_ARM_revXX_mini.lib(dlmstp.o)
    0x0802e710   0x00000158   Code   RO         3809    .text               bacnet_ARM_revXX_mini.lib(fifo.o)
    0x0802e868   0x000000d2   Code   RO         3825    .text               bacnet_ARM_revXX_mini.lib(h_iam.o)
    0x0802e93a   0x00000078   Code   RO         3837    .text               bacnet_ARM_revXX_mini.lib(h_npdu.o)
    0x0802e9b2   0x00000002   PAD
    0x0802e9b4   0x000002b0   Code   RO         3849    .text               bacnet_ARM_revXX_mini.lib(h_rp.o)
    0x0802ec64   0x00000048   Code   RO         3879    .text               bacnet_ARM_revXX_mini.lib(h_whois.o)
    0x0802ecac   0x00000188   Code   RO         3903    .text               bacnet_ARM_revXX_mini.lib(h_wp.o)
    0x0802ee34   0x00000054   Code   RO         3918    .text               bacnet_ARM_revXX_mini.lib(noserv.o)
    0x0802ee88   0x000000a4   Code   RO         3972    .text               bacnet_ARM_revXX_mini.lib(rs485.o)
    0x0802ef2c   0x000000f8   Code   RO         4002    .text               bacnet_ARM_revXX_mini.lib(s_upt.o)
    0x0802f024   0x00000274   Code   RO         4015    .text               bacnet_ARM_revXX_mini.lib(calendar.o)
    0x0802f298   0x00000494   Code   RO         4036    .text               bacnet_ARM_revXX_mini.lib(schedule.o)
    0x0802f72c   0x00000110   Code   RO         4057    .text               bacnet_ARM_revXX_mini.lib(s_rp.o)
    0x0802f83c   0x00000170   Code   RO         4078    .text               bacnet_ARM_revXX_mini.lib(s_wp.o)
    0x0802f9ac   0x00000398   Code   RO         4090    .text               bacnet_ARM_revXX_mini.lib(h_rpm.o)
    0x0802fd44   0x0000015c   Code   RO         4115    .text               bacnet_ARM_revXX_mini.lib(h_wpm.o)
    0x0802fea0   0x00000194   Code   RO         4130    .text               bacnet_ARM_revXX_mini.lib(proprietary.o)
    0x08030034   0x00000340   Code   RO         4147    .text               bacnet_ARM_revXX_mini.lib(msv.o)
    0x08030374   0x000007bc   Code   RO         4171    .text               IO_control_ARM.lib(inputs.o)
    0x08030b30   0x0000007c   Code   RO         4204    .text               IO_control_ARM.lib(outputs.o)
    0x08030bac   0x00000058   Code   RO         4223    .text               bacnet_ARM_revXX_mini.lib(abort.o)
    0x08030c04   0x0000009c   Code   RO         4235    .text               bacnet_ARM_revXX_mini.lib(bacaddr.o)
    0x08030ca0   0x000000be   Code   RO         4247    .text               bacnet_ARM_revXX_mini.lib(bacerror.o)
    0x08030d5e   0x00000002   PAD
    0x08030d60   0x0000055c   Code   RO         4292    .text               bacnet_ARM_revXX_mini.lib(bacstr.o)
    0x080312bc   0x0000004e   Code   RO         4307    .text               bacnet_ARM_revXX_mini.lib(crc.o)
    0x0803130a   0x00000002   PAD
    0x0803130c   0x000006b8   Code   RO         4319    .text               bacnet_ARM_revXX_mini.lib(datetime.o)
    0x080319c4   0x0000012e   Code   RO         4379    .text               bacnet_ARM_revXX_mini.lib(iam.o)
    0x08031af2   0x000002a6   Code   RO         4392    .text               bacnet_ARM_revXX_mini.lib(npdu.o)
    0x08031d98   0x00000068   Code   RO         4440    .text               bacnet_ARM_revXX_mini.lib(reject.o)
    0x08031e00   0x00000244   Code   RO         4452    .text               bacnet_ARM_revXX_mini.lib(rp.o)
    0x08032044   0x000000ea   Code   RO         4464    .text               bacnet_ARM_revXX_mini.lib(s_iam.o)
    0x0803212e   0x00000002   PAD
    0x08032130   0x00000108   Code   RO         4476    .text               bacnet_ARM_revXX_mini.lib(s_whois.o)
    0x08032238   0x0000026c   Code   RO         4489    .text               bacnet_ARM_revXX_mini.lib(tsm.o)
    0x080324a4   0x000000ba   Code   RO         4514    .text               bacnet_ARM_revXX_mini.lib(whois.o)
    0x0803255e   0x000001ba   Code   RO         4526    .text               bacnet_ARM_revXX_mini.lib(wp.o)
    0x08032718   0x000000a6   Code   RO         4538    .text               bacnet_ARM_revXX_mini.lib(bactimevalue.o)
    0x080327be   0x00000468   Code   RO         4551    .text               bacnet_ARM_revXX_mini.lib(rpm.o)
    0x08032c26   0x00000316   Code   RO         4564    .text               bacnet_ARM_revXX_mini.lib(wpm.o)
    0x08032f3c   0x00000164   Code   RO         4591    .text               bacnet_ARM_revXX_mini.lib(s_ts.o)
    0x080330a0   0x000000a0   Code   RO         4604    .text               bacnet_ARM_revXX_mini.lib(h_ts.o)
    0x08033140   0x0000009a   Code   RO         4620    .text               bacnet_ARM_revXX_mini.lib(h_whohas.o)
    0x080331da   0x00000002   PAD
    0x080331dc   0x000007c8   Code   RO         4635    .text               bacnet_ARM_revXX_mini.lib(h_cov.o)
    0x080339a4   0x000001c2   Code   RO         4653    .text               bacnet_ARM_revXX_mini.lib(proplist.o)
    0x08033b66   0x00000214   Code   RO         4669    .text               bacnet_ARM_revXX_mini.lib(timesync.o)
    0x08033d7a   0x00000002   PAD
    0x08033d7c   0x00000084   Code   RO         4681    .text               bacnet_ARM_revXX_mini.lib(s_ihave.o)
    0x08033e00   0x00000156   Code   RO         4696    .text               bacnet_ARM_revXX_mini.lib(whohas.o)
    0x08033f56   0x0000068a   Code   RO         4711    .text               bacnet_ARM_revXX_mini.lib(cov.o)
    0x080345e0   0x000000ee   Code   RO         4723    .text               bacnet_ARM_revXX_mini.lib(ihave.o)
    0x080346ce   0x00000002   PAD
    0x080346d0   0x00000024   Code   RO         4753    .text               mc_w.l(rand.o)
    0x080346f4   0x00000024   Code   RO         4756    .text               mc_w.l(memcpya.o)
    0x08034718   0x00000024   Code   RO         4758    .text               mc_w.l(memseta.o)
    0x0803473c   0x00000024   Code   RO         4760    .text               mc_w.l(strstr.o)
    0x08034760   0x00000014   Code   RO         4762    .text               mc_w.l(strchr.o)
    0x08034774   0x0000000e   Code   RO         4764    .text               mc_w.l(strlen.o)
    0x08034782   0x0000001c   Code   RO         4766    .text               mc_w.l(strcmp.o)
    0x0803479e   0x00000014   Code   RO         4768    .text               mc_w.l(memchr.o)
    0x080347b2   0x0000001a   Code   RO         4770    .text               mc_w.l(memcmp.o)
    0x080347cc   0x00000012   Code   RO         4772    .text               mc_w.l(strcpy.o)
    0x080347de   0x00000002   PAD
    0x080347e0   0x00000038   Code   RO         5065    .text               mc_w.l(__0sscanf.o)
    0x08034818   0x0000014c   Code   RO         5067    .text               mc_w.l(_scanf_int.o)
    0x08034964   0x00000070   Code   RO         5069    .text               mc_w.l(strtol.o)
    0x080349d4   0x00000072   Code   RO         5071    .text               mc_w.l(strtoul.o)
    0x08034a46   0x000000b0   Code   RO         5073    .text               mf_w.l(fadd.o)
    0x08034af6   0x00000064   Code   RO         5075    .text               mf_w.l(fmul.o)
    0x08034b5a   0x0000007c   Code   RO         5077    .text               mf_w.l(fdiv.o)
    0x08034bd6   0x00000018   Code   RO         5079    .text               mf_w.l(fscalb.o)
    0x08034bee   0x000000de   Code   RO         5081    .text               mf_w.l(ddiv.o)
    0x08034ccc   0x00000012   Code   RO         5083    .text               mf_w.l(fflti.o)
    0x08034cde   0x0000000a   Code   RO         5085    .text               mf_w.l(ffltui.o)
    0x08034ce8   0x00000022   Code   RO         5087    .text               mf_w.l(dflti.o)
    0x08034d0a   0x0000001a   Code   RO         5089    .text               mf_w.l(dfltui.o)
    0x08034d24   0x00000032   Code   RO         5091    .text               mf_w.l(ffixi.o)
    0x08034d56   0x00000028   Code   RO         5093    .text               mf_w.l(ffixui.o)
    0x08034d7e   0x00000032   Code   RO         5095    .text               mf_w.l(dfixui.o)
    0x08034db0   0x00000026   Code   RO         5097    .text               mf_w.l(f2d.o)
    0x08034dd6   0x00000038   Code   RO         5099    .text               mf_w.l(d2f.o)
    0x08034e0e   0x0000002c   Code   RO         5115    .text               mc_w.l(uidiv.o)
    0x08034e3a   0x00000062   Code   RO         5117    .text               mc_w.l(uldiv.o)
    0x08034e9c   0x00000020   Code   RO         5119    .text               mc_w.l(llushr.o)
    0x08034ebc   0x00000008   Code   RO         5121    .text               mc_w.l(ctype_o.o)
    0x08034ec4   0x00000012   Code   RO         5143    .text               mc_w.l(isspace_o.o)
    0x08034ed6   0x0000001c   Code   RO         5158    .text               mc_w.l(_chval.o)
    0x08034ef2   0x00000002   PAD
    0x08034ef4   0x00000028   Code   RO         5160    .text               mc_w.l(scanf_char.o)
    0x08034f1c   0x00000040   Code   RO         5162    .text               mc_w.l(_sgetc.o)
    0x08034f5c   0x0000009e   Code   RO         5164    .text               mc_w.l(_strtoul.o)
    0x08034ffa   0x00000002   PAD
    0x08034ffc   0x0000009c   Code   RO         5166    .text               mc_w.l(strtod.o)
    0x08035098   0x00000000   Code   RO         5168    .text               mc_w.l(iusefp.o)
    0x08035098   0x0000006e   Code   RO         5169    .text               mf_w.l(fepilogue.o)
    0x08035106   0x000000ba   Code   RO         5171    .text               mf_w.l(depilogue.o)
    0x080351c0   0x0000014e   Code   RO         5173    .text               mf_w.l(dadd.o)
    0x0803530e   0x000000e4   Code   RO         5175    .text               mf_w.l(dmul.o)
    0x080353f2   0x000000a2   Code   RO         5177    .text               mf_w.l(dsqrt.o)
    0x08035494   0x00000030   Code   RO         5179    .text               mf_w.l(dfixul.o)
    0x080354c4   0x00000030   Code   RO         5183    .text               mf_w.l(cdrcmple.o)
    0x080354f4   0x00000024   Code   RO         5185    .text               mc_w.l(init.o)
    0x08035518   0x0000001e   Code   RO         5187    .text               mc_w.l(llshl.o)
    0x08035536   0x00000024   Code   RO         5189    .text               mc_w.l(llsshr.o)
    0x0803555a   0x00000002   PAD
    0x0803555c   0x0000032c   Code   RO         5193    .text               mc_w.l(_scanf.o)
    0x08035888   0x00000338   Code   RO         5195    .text               mc_w.l(scanf_fp.o)
    0x08035bc0   0x00000018   Code   RO         5202    .text               mf_w.l(dfltul.o)
    0x08035bd8   0x00000056   Code   RO         5212    .text               mc_w.l(__dczerorl2.o)
    0x08035c2e   0x00000002   PAD
    0x08035c30   0x00000020   Code   RO         5009    i.__0printf         mc_w.l(printfa.o)
    0x08035c50   0x00000028   Code   RO         5011    i.__0sprintf        mc_w.l(printfa.o)
    0x08035c78   0x00000008   Code   RO         5151    i.__aeabi_errno_addr  mc_w.l(errno.o)
    0x08035c80   0x0000000e   Code   RO         5206    i.__scatterload_copy  mc_w.l(handlers.o)
    0x08035c8e   0x00000002   Code   RO         5207    i.__scatterload_null  mc_w.l(handlers.o)
    0x08035c90   0x0000000e   Code   RO         5208    i.__scatterload_zeroinit  mc_w.l(handlers.o)
    0x08035c9e   0x00000002   PAD
    0x08035ca0   0x0000000c   Code   RO         5153    i.__set_errno       mc_w.l(errno.o)
    0x08035cac   0x00000164   Code   RO         5016    i._fp_digits        mc_w.l(printfa.o)
    0x08035e10   0x0000000e   Code   RO         5197    i._is_digit         mc_w.l(scanf_fp.o)
    0x08035e1e   0x00000002   PAD
    0x08035e20   0x000006dc   Code   RO         5017    i._printf_core      mc_w.l(printfa.o)
    0x080364fc   0x00000024   Code   RO         5018    i._printf_post_padding  mc_w.l(printfa.o)
    0x08036520   0x0000002e   Code   RO         5019    i._printf_pre_padding  mc_w.l(printfa.o)
    0x0803654e   0x0000000a   Code   RO         5021    i._sputc            mc_w.l(printfa.o)
    0x08036558   0x00000050   Code   RO         5037    i.free              mc_w.l(malloc.o)
    0x080365a8   0x0000006c   Code   RO         5038    i.malloc            mc_w.l(malloc.o)
    0x08036614   0x0000004c   Code   RO         4739    i.sqrt              m_ws.l(sqrt.o)
    0x08036660   0x0000001c   Code   RO         4747    i.strtod            m_ws.l(strtod.o)
    0x0803667c   0x00000018   Data   RO         1080    .constdata          rtc.o
    0x08036694   0x0000005a   Data   RO         1942    .constdata          user_data.o
    0x080366ee   0x0000000f   Data   RO         1943    .constdata          user_data.o
    0x080366fd   0x00000001   PAD
    0x080366fe   0x0000d574   Data   RO         2052    .constdata          er-tft024-3_4-wire_spi.o
    0x08043c72   0x00000188   Data   RO         2054    .constdata          er-tft024-3_4-wire_spi.o
    0x08043dfa   0x00000548   Data   RO         2055    .constdata          er-tft024-3_4-wire_spi.o
    0x08044342   0x00000548   Data   RO         2056    .constdata          er-tft024-3_4-wire_spi.o
    0x0804488a   0x00000548   Data   RO         2057    .constdata          er-tft024-3_4-wire_spi.o
    0x08044dd2   0x00000548   Data   RO         2058    .constdata          er-tft024-3_4-wire_spi.o
    0x0804531a   0x00000548   Data   RO         2059    .constdata          er-tft024-3_4-wire_spi.o
    0x08045862   0x00000548   Data   RO         2060    .constdata          er-tft024-3_4-wire_spi.o
    0x08045daa   0x00000200   Data   RO         2264    .constdata          modbus.o
    0x08045faa   0x0000000f   Data   RO         2374    .constdata          range.o
    0x08045fb9   0x00000018   Data   RO         2421    .constdata          sntpc.o
    0x08045fd1   0x00000048   Data   RO         2682    .constdata          constcode.o
    0x08046019   0x00000054   Data   RO         2706    .constdata          menumain.o
    0x0804606d   0x00000001   PAD
    0x0804606e   0x0000002c   Data   RO         2784    .constdata          ff.o
    0x0804609a   0x00000002   PAD
    0x0804609c   0x00000010   Data   RO         2865    .constdata          sgp30.o
    0x080460ac   0x00000001   Data   RO         2890    .constdata          sgp30_featureset.o
    0x080460ad   0x00000001   Data   RO         2891    .constdata          sgp30_featureset.o
    0x080460ae   0x00000001   Data   RO         2892    .constdata          sgp30_featureset.o
    0x080460af   0x00000001   PAD
    0x080460b0   0x00000024   Data   RO         2893    .constdata          sgp30_featureset.o
    0x080460d4   0x00000024   Data   RO         2894    .constdata          sgp30_featureset.o
    0x080460f8   0x00000024   Data   RO         2895    .constdata          sgp30_featureset.o
    0x0804611c   0x00000024   Data   RO         2896    .constdata          sgp30_featureset.o
    0x08046140   0x00000024   Data   RO         2897    .constdata          sgp30_featureset.o
    0x08046164   0x00000024   Data   RO         2898    .constdata          sgp30_featureset.o
    0x08046188   0x00000030   Data   RO         2899    .constdata          sgp30_featureset.o
    0x080461b8   0x00000030   Data   RO         2900    .constdata          sgp30_featureset.o
    0x080461e8   0x00000030   Data   RO         2901    .constdata          sgp30_featureset.o
    0x08046218   0x00000030   Data   RO         2902    .constdata          sgp30_featureset.o
    0x08046248   0x00000030   Data   RO         2903    .constdata          sgp30_featureset.o
    0x08046278   0x00000030   Data   RO         2904    .constdata          sgp30_featureset.o
    0x080462a8   0x00000030   Data   RO         2905    .constdata          sgp30_featureset.o
    0x080462d8   0x00000030   Data   RO         2906    .constdata          sgp30_featureset.o
    0x08046308   0x00000002   Data   RO         2907    .constdata          sgp30_featureset.o
    0x0804630a   0x00000002   Data   RO         2908    .constdata          sgp30_featureset.o
    0x0804630c   0x00000002   Data   RO         2909    .constdata          sgp30_featureset.o
    0x0804630e   0x00000002   PAD
    0x08046310   0x00000010   Data   RO         2910    .constdata          sgp30_featureset.o
    0x08046320   0x00000010   Data   RO         2911    .constdata          sgp30_featureset.o
    0x08046330   0x00000010   Data   RO         2912    .constdata          sgp30_featureset.o
    0x08046340   0x00000008   Data   RO         2913    .constdata          sgp30_featureset.o
    0x08046348   0x0000002c   Data   RO         2956    .constdata          bacnet_ARM_revXX_mini.lib(ai.o)
    0x08046374   0x00000034   Data   RO         3154    .constdata          bacnet_ARM_revXX_mini.lib(ao.o)
    0x080463a8   0x00000020   Data   RO         3224    .constdata          bacnet_ARM_revXX_mini.lib(av.o)
    0x080463c8   0x0000002c   Data   RO         3353    .constdata          bacnet_ARM_revXX_mini.lib(bi.o)
    0x080463f4   0x0000002c   Data   RO         3374    .constdata          bacnet_ARM_revXX_mini.lib(bv.o)
    0x08046420   0x00000040   Data   RO         3391    .constdata          bacnet_ARM_revXX_mini.lib(bo.o)
    0x08046460   0x00000080   Data   RO         3741    .constdata          bacnet_ARM_revXX_mini.lib(device.o)
    0x080464e0   0x00000020   Data   RO         4016    .constdata          bacnet_ARM_revXX_mini.lib(calendar.o)
    0x08046500   0x00000040   Data   RO         4037    .constdata          bacnet_ARM_revXX_mini.lib(schedule.o)
    0x08046540   0x00000014   Data   RO         4131    .constdata          bacnet_ARM_revXX_mini.lib(proprietary.o)
    0x08046554   0x00000034   Data   RO         4148    .constdata          bacnet_ARM_revXX_mini.lib(msv.o)
    0x08046588   0x00000232   Data   RO         4173    .constdata          IO_control_ARM.lib(inputs.o)
    0x080467ba   0x00000100   Data   RO         4293    .constdata          bacnet_ARM_revXX_mini.lib(bacstr.o)
    0x080468ba   0x00000002   PAD
    0x080468bc   0x00000034   Data   RO         4320    .constdata          bacnet_ARM_revXX_mini.lib(datetime.o)
    0x080468f0   0x00000081   Data   RO         5122    .constdata          mc_w.l(ctype_o.o)
    0x08046971   0x00000003   PAD
    0x08046974   0x00000004   Data   RO         5123    .constdata          mc_w.l(ctype_o.o)
    0x08046978   0x00000006   Data   RO         2850    .conststring        sgp_git_version.o
    0x0804697e   0x00000002   PAD
    0x08046980   0x00000020   Data   RO         5204    Region$$Table       anon$$obj.o


    Execution Region RW_IRAM1 (Base: 0x20000000, Size: 0x00000000, Max: 0x00080000, ABSOLUTE)

    **** No section assigned to this execution region ****


    Execution Region RW_RAM1 (Base: 0x60000000, Size: 0x00073610, Max: 0x00800000, ABSOLUTE, COMPRESSED[0x00000278])

    Base Addr    Size         Type   Attr      Idx    E Section Name        Object

    0x60000000   0x00000014   Data   RW          509    .data               system_stm32f10x.o
    0x60000014   0x00000014   Data   RW          663    .data               stm32f10x_rcc.o
    0x60000028   0x00000004   Data   RW          975    .data               stmflash.o
    0x6000002c   0x00000008   Data   RW         1009    .data               timerx.o
    0x60000034   0x00000002   Data   RW         1081    .data               rtc.o
    0x60000036   0x00000001   Data   RW         1110    .data               mmc_sd.o
    0x60000037   0x00000002   Data   RW         1245    .data               sht3x.o
    0x60000039   0x00000003   PAD
    0x6000003c   0x0000003c   Data   RW         1265    .data               tasks.o
    0x60000078   0x00000004   Data   RW         1345    .data               port.o
    0x6000007c   0x00000018   Data   RW         1376    .data               heap_2.o
    0x60000094   0x00000004   Data   RW         1394    .data               usart.o
    0x60000098   0x00000004   Data   RW         1452    .data               delay.o
    0x6000009c   0x0000002a   Data   RW         1467    .data               bac_interface.o
    0x600000c6   0x00000002   PAD
    0x600000c8   0x00000014   Data   RW         1504    .data               bip.o
    0x600000dc   0x00000018   Data   RW         1751    .data               bac_control.o
    0x600000f4   0x00000002   Data   RW         1753    .data               bac_control.o
    0x600000f6   0x00000002   PAD
    0x600000f8   0x0000000c   Data   RW         1789    .data               decode.o
    0x60000104   0x00000004   Data   RW         1790    .data               decode.o
    0x60000108   0x00000010   Data   RW         1826    .data               monitor.o
    0x60000118   0x00000004   Data   RW         1827    .data               monitor.o
    0x6000011c   0x00000014   Data   RW         1893    .data               ptransfer.o
    0x60000130   0x00000028   Data   RW         1946    .data               user_data.o
    0x60000158   0x00000005   Data   RW         1947    .data               user_data.o
    0x6000015d   0x00000004   Data   RW         1948    .data               user_data.o
    0x60000161   0x00000001   Data   RW         1949    .data               user_data.o
    0x60000162   0x00000001   Data   RW         1950    .data               user_data.o
    0x60000163   0x00000001   Data   RW         1951    .data               user_data.o
    0x60000164   0x00000001   Data   RW         1952    .data               user_data.o
    0x60000165   0x00000001   Data   RW         1955    .data               user_data.o
    0x60000166   0x00000002   PAD
    0x60000168   0x00000004   Data   RW         1956    .data               user_data.o
    0x6000016c   0x00000004   Data   RW         1957    .data               user_data.o
    0x60000170   0x00000004   Data   RW         1958    .data               user_data.o
    0x60000174   0x00000004   Data   RW         1959    .data               user_data.o
    0x60000178   0x00000004   Data   RW         1960    .data               user_data.o
    0x6000017c   0x00000004   Data   RW         1961    .data               user_data.o
    0x60000180   0x00000004   Data   RW         1962    .data               user_data.o
    0x60000184   0x00000004   Data   RW         1963    .data               user_data.o
    0x60000188   0x00000004   Data   RW         1965    .data               user_data.o
    0x6000018c   0x00000001   Data   RW         1966    .data               user_data.o
    0x6000018d   0x00000001   Data   RW         1967    .data               user_data.o
    0x6000018e   0x00000001   Data   RW         1968    .data               user_data.o
    0x6000018f   0x00000005   Data   RW         1969    .data               user_data.o
    0x60000194   0x00000070   Data   RW         2064    .data               er-tft024-3_4-wire_spi.o
    0x60000204   0x00000018   Data   RW         2097    .data               key.o
    0x6000021c   0x00000004   Data   RW         2135    .data               commsub.o
    0x60000220   0x00000001   Data   RW         2136    .data               commsub.o
    0x60000221   0x00000001   Data   RW         2137    .data               commsub.o
    0x60000222   0x00000001   Data   RW         2138    .data               commsub.o
    0x60000223   0x00000001   Data   RW         2139    .data               commsub.o
    0x60000224   0x0000003c   Data   RW         2161    .data               scan.o
    0x60000260   0x00000001   Data   RW         2162    .data               scan.o
    0x60000261   0x00000001   Data   RW         2163    .data               scan.o
    0x60000262   0x00000001   Data   RW         2166    .data               scan.o
    0x60000263   0x00000001   Data   RW         2167    .data               scan.o
    0x60000264   0x00000001   Data   RW         2169    .data               scan.o
    0x60000265   0x00000006   Data   RW         2171    .data               scan.o
    0x6000026b   0x00000001   Data   RW         2173    .data               scan.o
    0x6000026c   0x00000001   Data   RW         2174    .data               scan.o
    0x6000026d   0x00000003   PAD
    0x60000270   0x00000074   Data   RW         2265    .data               modbus.o
    0x600002e4   0x00000001   Data   RW         2270    .data               modbus.o
    0x600002e5   0x00000003   Data   RW         2272    .data               modbus.o
    0x600002e8   0x00000003   Data   RW         2273    .data               modbus.o
    0x600002eb   0x00000001   PAD
    0x600002ec   0x00000002   Data   RW         2274    .data               modbus.o
    0x600002ee   0x00000001   Data   RW         2275    .data               modbus.o
    0x600002ef   0x00000001   PAD
    0x600002f0   0x00000048   Data   RW         2326    .data               main.o
    0x60000338   0x00000048   Data   RW         2393    .data               tstat_wifi.o
    0x60000380   0x0000000a   Data   RW         2422    .data               sntpc.o
    0x6000038a   0x00000001   Data   RW         2423    .data               sntpc.o
    0x6000038b   0x00000001   PAD
    0x6000038c   0x00000014   Data   RW         2460    .data               wifi.o
    0x600003a0   0x00000001   Data   RW         2463    .data               wifi.o
    0x600003a1   0x00000003   PAD
    0x600003a4   0x0000003a   Data   RW         2592    .data               menu.o
    0x600003de   0x0000000f   Data   RW         2634    .data               menuidle.o
    0x600003ed   0x00000001   PAD
    0x600003ee   0x00000004   Data   RW         2654    .data               menuset.o
    0x600003f2   0x00000002   PAD
    0x600003f4   0x00000014   Data   RW         2726    .data               exfuns.o
    0x60000408   0x00000008   Data   RW         2785    .data               ff.o
    0x60000410   0x00000004   Data   RW         2851    .data               sgp_git_version.o
    0x60000414   0x00000008   Data   RW         2914    .data               sgp30_featureset.o
    0x6000041c   0x00000004   Data   RW         2915    .data               sgp30_featureset.o
    0x60000420   0x00000008   Data   RW         2916    .data               sgp30_featureset.o
    0x60000428   0x00000008   Data   RW         2917    .data               sgp30_featureset.o
    0x60000430   0x00000014   Data   RW         2918    .data               sgp30_featureset.o
    0x60000444   0x00000018   Data   RW         2919    .data               sgp30_featureset.o
    0x6000045c   0x00000020   Data   RW         2920    .data               sgp30_featureset.o
    0x6000047c   0x0000000c   Data   RW         2921    .data               sgp30_featureset.o
    0x60000488   0x0000000c   Data   RW         2936    .data               voc.o
    0x60000494   0x00000001   Data   RW         2957    .data               bacnet_ARM_revXX_mini.lib(ai.o)
    0x60000495   0x00000001   Data   RW         3155    .data               bacnet_ARM_revXX_mini.lib(ao.o)
    0x60000496   0x00000001   Data   RW         3225    .data               bacnet_ARM_revXX_mini.lib(av.o)
    0x60000497   0x00000001   PAD
    0x60000498   0x00000039   Data   RW         3324    .data               bacnet_ARM_revXX_mini.lib(apdu.o)
    0x600004d1   0x00000001   Data   RW         3354    .data               bacnet_ARM_revXX_mini.lib(bi.o)
    0x600004d2   0x00000001   Data   RW         3375    .data               bacnet_ARM_revXX_mini.lib(bv.o)
    0x600004d3   0x00000001   Data   RW         3392    .data               bacnet_ARM_revXX_mini.lib(bo.o)
    0x600004d4   0x0000000c   Data   RW         3532    .data               bacnet_ARM_revXX_mini.lib(bacapp.o)
    0x600004e0   0x00000002   Data   RW         3641    .data               bacnet_ARM_revXX_mini.lib(bvlc.o)
    0x600004e2   0x00000002   PAD
    0x600004e4   0x000002a8   Data   RW         3742    .data               bacnet_ARM_revXX_mini.lib(device.o)
    0x6000078c   0x00000034   Data   RW         3769    .data               bacnet_ARM_revXX_mini.lib(dlmstp.o)
    0x600007c0   0x00000001   Data   RW         3880    .data               bacnet_ARM_revXX_mini.lib(h_whois.o)
    0x600007c1   0x00000001   Data   RW         3881    .data               bacnet_ARM_revXX_mini.lib(h_whois.o)
    0x600007c2   0x00000001   Data   RW         3883    .data               bacnet_ARM_revXX_mini.lib(h_whois.o)
    0x600007c3   0x00000001   Data   RW         3885    .data               bacnet_ARM_revXX_mini.lib(h_whois.o)
    0x600007c4   0x00000002   Data   RW         3976    .data               bacnet_ARM_revXX_mini.lib(rs485.o)
    0x600007c6   0x00000001   Data   RW         4017    .data               bacnet_ARM_revXX_mini.lib(calendar.o)
    0x600007c7   0x00000001   PAD
    0x600007c8   0x0000000e   Data   RW         4038    .data               bacnet_ARM_revXX_mini.lib(schedule.o)
    0x600007d6   0x00000001   Data   RW         4132    .data               bacnet_ARM_revXX_mini.lib(proprietary.o)
    0x600007d7   0x00000001   Data   RW         4149    .data               bacnet_ARM_revXX_mini.lib(msv.o)
    0x600007d8   0x00000001   Data   RW         4491    .data               bacnet_ARM_revXX_mini.lib(tsm.o)
    0x600007d9   0x00000003   PAD
    0x600007dc   0x00000008   Data   RW         4637    .data               bacnet_ARM_revXX_mini.lib(h_cov.o)
    0x600007e4   0x00000004   Data   RW         4754    .data               mc_w.l(rand.o)
    0x600007e8   0x00000004   Data   RW         5149    .data               mc_w.l(mvars.o)
    0x600007ec   0x00000004   Data   RW         5150    .data               mc_w.l(mvars.o)
    0x600007f0   0x00000004   Data   RW         5154    .data               mc_w.l(errno.o)
    0x600007f4   0x00001000   Zero   RW          974    .bss                stmflash.o
    0x600017f4   0x0000000a   Zero   RW         1079    .bss                rtc.o
    0x600017fe   0x00000002   PAD
    0x60001800   0x000001f4   Zero   RW         1264    .bss                tasks.o
    0x600019f4   0x0000f000   Zero   RW         1375    .bss                heap_2.o
    0x600109f4   0x00000600   Zero   RW         1466    .bss                bac_interface.o
    0x60010ff4   0x00000276   Zero   RW         1502    .bss                bip.o
    0x6001126a   0x00000140   Zero   RW         1750    .bss                bac_control.o
    0x600113aa   0x00000002   PAD
    0x600113ac   0x000052e4   Zero   RW         1825    .bss                monitor.o
    0x60016690   0x00000a00   Zero   RW         1858    .bss                point.o
    0x60017090   0x000088d4   Zero   RW         1890    .bss                ptransfer.o
    0x6001f964   0x00000258   Zero   RW         1892    .bss                ptransfer.o
    0x6001fbbc   0x0000eb46   Zero   RW         1934    .bss                user_data.o
    0x6002e702   0x00000002   PAD
    0x6002e704   0x00000100   Zero   RW         1935    .bss                user_data.o
    0x6002e804   0x00000040   Zero   RW         1936    .bss                user_data.o
    0x6002e844   0x00000100   Zero   RW         1938    .bss                user_data.o
    0x6002e944   0x00000100   Zero   RW         1939    .bss                user_data.o
    0x6002ea44   0x00000050   Zero   RW         1940    .bss                user_data.o
    0x6002ea94   0x0000005e   Zero   RW         1941    .bss                user_data.o
    0x6002eaf2   0x00000002   PAD
    0x6002eaf4   0x000000d8   Zero   RW         2012    .bss                io.o
    0x6002ebcc   0x00004e9a   Zero   RW         2025    .bss                flash_user.o
    0x60033a66   0x0000002d   Zero   RW         2048    .bss                er-tft024-3_4-wire_spi.o
    0x60033a93   0x000000fe   Zero   RW         2127    .bss                commsub.o
    0x60033b91   0x000000fe   Zero   RW         2128    .bss                commsub.o
    0x60033c8f   0x000000fe   Zero   RW         2129    .bss                commsub.o
    0x60033d8d   0x00000be8   Zero   RW         2130    .bss                commsub.o
    0x60034975   0x00000003   PAD
    0x60034978   0x000030bd   Zero   RW         2158    .bss                scan.o
    0x60037a35   0x00000003   PAD
    0x60037a38   0x0000117c   Zero   RW         2261    .bss                modbus.o
    0x60038bb4   0x00000030   Zero   RW         2262    .bss                modbus.o
    0x60038be4   0x00000030   Zero   RW         2263    .bss                modbus.o
    0x60038c14   0x000002c6   Zero   RW         2322    .bss                main.o
    0x60038eda   0x00000002   PAD
    0x60038edc   0x000001a0   Zero   RW         2372    .bss                range.o
    0x6003907c   0x00000048   Zero   RW         2389    .bss                tstat_wifi.o
    0x600390c4   0x0000000c   Zero   RW         2390    .bss                tstat_wifi.o
    0x600390d0   0x0000000a   Zero   RW         2392    .bss                tstat_wifi.o
    0x600390da   0x0000001c   Zero   RW         2419    .bss                sntpc.o
    0x600390f6   0x0000001e   Zero   RW         2420    .bss                sntpc.o
    0x60039114   0x00000014   Zero   RW         2442    .bss                user_arm.o
    0x60039128   0x00003e68   Zero   RW         2457    .bss                wifi.o
    0x6003cf90   0x00000402   Zero   RW         2488    .bss                bsp_esp8266.o
    0x6003d392   0x0000000e   Zero   RW         2591    .bss                menu.o
    0x6003d3a0   0x00006aee   Zero   RW         2725    .bss                exfuns.o
    0x60043e8e   0x00000002   PAD
    0x60043e90   0x00000038   Zero   RW         2864    .bss                sgp30.o
    0x60043ec8   0x0000000a   Zero   RW         2935    .bss                voc.o
    0x60043ed2   0x00000002   PAD
    0x60043ed4   0x000023dc   Zero   RW         3245    .bss                bacnet_ARM_revXX_mini.lib(address.o)
    0x600462b0   0x00000194   Zero   RW         3323    .bss                bacnet_ARM_revXX_mini.lib(apdu.o)
    0x60046444   0x00000040   Zero   RW         3352    .bss                bacnet_ARM_revXX_mini.lib(bi.o)
    0x60046484   0x00001010   Zero   RW         3640    .bss                bacnet_ARM_revXX_mini.lib(bvlc.o)
    0x60047494   0x00000272   Zero   RW         3768    .bss                bacnet_ARM_revXX_mini.lib(dlmstp.o)
    0x60047706   0x00000002   PAD
    0x60047708   0x00000270   Zero   RW         3904    .bss                bacnet_ARM_revXX_mini.lib(h_wp.o)
    0x60047978   0x00000210   Zero   RW         3973    .bss                bacnet_ARM_revXX_mini.lib(rs485.o)
    0x60047b88   0x00000258   Zero   RW         4091    .bss                bacnet_ARM_revXX_mini.lib(h_rpm.o)
    0x60047de0   0x00000dcd   Zero   RW         4172    .bss                IO_control_ARM.lib(inputs.o)
    0x60048bad   0x00000b40   Zero   RW         4205    .bss                IO_control_ARM.lib(outputs.o)
    0x600496ed   0x00000003   PAD
    0x600496f0   0x00029568   Zero   RW         4490    .bss                bacnet_ARM_revXX_mini.lib(tsm.o)
    0x60072c58   0x000004e4   Zero   RW         4505    .bss                bacnet_ARM_revXX_mini.lib(txbuf.o)
    0x6007313c   0x000002d0   Zero   RW         4636    .bss                bacnet_ARM_revXX_mini.lib(h_cov.o)
    0x6007340c   0x00000004   PAD
    0x60073410   0x00000200   Zero   RW          792    HEAP                startup_stm32f10x_hd.o


==============================================================================

Image component sizes


      Code (inc. data)   RO Data    RW Data    ZI Data      Debug   Object Name

       392          6          0          0          0       2357   24cxx.o
      2232        414          0          0          0      44603   alarm.o
      3872        312          0         26        320       8996   bac_control.o
      8352        788          0         42       1536      22485   bac_interface.o
       892         28          0         20        630       6024   bip.o
      4132        764          0          0       1026      13017   bsp_esp8266.o
      1448         66          0          8       3810       8298   commsub.o
         0          0         72          0          0       2496   constcode.o
         0          0          0          0          0         32   cortexm3_macro_rvds.o
      5320        296          0         16          0      18638   decode.o
       156          4          0          4          0       1115   delay.o
       162          0          0          0          0       3284   diskio.o
      5200        308      63148        112         45      15151   er-tft024-3_4-wire_spi.o
      1600        106          0         20      27374       7978   exfuns.o
      7314        108         44          8          0      19084   ff.o
      2404        430          0          0      20122       5357   flash_user.o
       244          8          0         24      61440       2872   heap_2.o
       520         10          0          0          0       2323   i2c_hal.o
         0          0         20          0          0        471   info.o
      1276         78          0          0        216       5298   io.o
       340         30          0         24          0       2371   key.o
       136          0          0          0          0       1586   list.o
      5272        432          0         72        710      14032   main.o
       404         40          0         58         14       4756   menu.o
      2332        166          0         15          0       3992   menuidle.o
       288         58         84          0          0       2063   menumain.o
       512         64          0          4          0       1804   menuset.o
       176         14          0          0          0     208525   misc.o
      1508         28          0          1          0       5396   mmc_sd.o
     16832        788        512        126       4572      54360   modbus.o
      3816        154          0         20      21220       6150   monitor.o
       572         10          0          0          0       1892   myiic.o
      5068        234          0          0       2560       9525   point.o
       350         30          0          4          0       6866   port.o
      8228        626          0         20      35628      28289   ptransfer.o
      1514          4          0          0          0      12294   queue.o
       384         32         15          0        416       2527   range.o
       788         32         24          2         10      15029   rtc.o
      9210        476          0         73      12477      21893   scan.o
         0          0          0          0          0        392   sdioemmcdrive.o
       400          0          0          0          0       3439   sensirion_common.o
       406          0          0          0          0       2764   sensirion_sw_i2c.o
       164          6          0          0          0       2121   sensirion_sw_i2c_implementation.o
      1188         42         16          0         56      11411   sgp30.o
         0          0        665        116          0       3955   sgp30_featureset.o
         0          0          6          4          0        246   sgp_git_version.o
      1352         76          0          2          0       9742   sht3x.o
      1000         82         24         11         58       5047   sntpc.o
       952         42          0          0          0       5741   spi.o
       196         72        304          0        512        808   startup_stm32f10x_hd.o
       824         24          0          0          0      18468   stm32f10x_adc.o
       152          8          0          0          0       3272   stm32f10x_bkp.o
       456         10          0          0          0       4066   stm32f10x_dma.o
       232          8          0          0          0       2063   stm32f10x_exti.o
       612         36          0          0          0       4909   stm32f10x_gpio.o
       208        120          0          0          0     154602   stm32f10x_it.o
        60          6          0          0          0       1165   stm32f10x_iwdg.o
       172         12          0          0          0       1751   stm32f10x_pwr.o
       696         32          0         20          0       7996   stm32f10x_rcc.o
       272          6          0          0          0       2872   stm32f10x_rtc.o
       628         14          0          0          0       5742   stm32f10x_spi.o
      2800         84          0          0          0      18130   stm32f10x_tim.o
       808         22          0          0          0       7232   stm32f10x_usart.o
       694         34          0          4       4096       5088   stmflash.o
       344         34          0         20          0       1667   system_stm32f10x.o
      3460         84          0         60        500      27373   tasks.o
       340         26          0          8          0       6638   timerx.o
      3756        208          0         72         94      23645   tstat_wifi.o
       792         36          0          4          0       3674   usart.o
       628         68          0          0         20       2819   user_arm.o
      4272        478        105         98      61236      39084   user_data.o
       344         20          0         12         10       2236   voc.o
      3772        342          0         21      15976      12802   wifi.o

    ----------------------------------------------------------------------
    135234       8976      65080       1172     276704     996189   Object Totals
         0          0         32          0          0          0   (incl. Generated)
         8          0          9         21         20          0   (incl. Padding)

    ----------------------------------------------------------------------

      Code (inc. data)   RO Data    RW Data    ZI Data      Debug   Library Member Name

      1980         72        562          0       3533      17799   inputs.o
       124          4          0          0       2880       1131   outputs.o
        88          6          0          0          0       1594   abort.o
      1376         22          0          0       9180      14660   address.o
       764         18         44          1          0     256913   ai.o
      1236         22         52          1          0      11055   ao.o
      1056         98          0         57        404       6636   apdu.o
      1186         26         32          1          0       5457   av.o
       156          0          0          0          0       1234   bacaddr.o
      1972        144          0         12          0       8022   bacapp.o
      3404         20          0          0          0      22812   bacdcode.o
       190          0          0          0          0       5012   bacerror.o
       312          4          0          0          0       2988   bacint.o
       278          0          0          0          0       2992   bacreal.o
      1372         20        256          0          0      10181   bacstr.o
       166          0          0          0          0       1820   bactimevalue.o
       756         22         44          1         64       5466   bi.o
      1282         28         64          1          0      46919   bo.o
       796         20         44          1          0       4049   bv.o
      2218         58          0          2       4112      10453   bvlc.o
       628          8         32          1          0       3708   calendar.o
      1674          0          0          0          0       4545   cov.o
        78          0          0          0          0        676   crc.o
       142          0          0          0          0      44308   datalink.o
      1720          6         52          0          0      11782   datetime.o
      2452         90        128        680          0      10904   device.o
      2612         82          0         52        626      10497   dlmstp.o
       344          0          0          0          0       3388   fifo.o
      1992         52          0          8        720       6705   h_cov.o
       210          0          0          0          0       1621   h_iam.o
       120          0          0          0          0       1163   h_npdu.o
       688         16          0          0          0       2205   h_rp.o
       920         12          0          0        600       3068   h_rpm.o
       160          6          0          0          0       1356   h_ts.o
       154          0          0          0          0       2002   h_whohas.o
        72         10          0          4          0       1596   h_whois.o
       392         16          0          0        624       2057   h_wp.o
       348          8          0          0          0       1686   h_wpm.o
       302          0          0          0          0       1824   iam.o
       238          0          0          0          0       2099   ihave.o
        30          0          0          0          0        542   memcopy.o
       832         10         52          1          0       4613   msv.o
        84          4          0          0          0       5127   noserv.o
       678          0          0          0          0       2331   npdu.o
       450          0          0          0          0       1925   proplist.o
       404          8         20          1          0       3806   proprietary.o
       104         10          0          0          0       1629   reject.o
       580          0          0          0          0       2827   rp.o
      1128          0          0          0          0       6086   rpm.o
       164         14          0          2        528       3185   rs485.o
       234          0          0          0          0       2036   s_iam.o
       132          6          0          0          0       1734   s_ihave.o
       272         12          0          0          0       1988   s_rp.o
       356         12          0          0          0       2365   s_ts.o
       248         20          0          0          0       1796   s_upt.o
       264         12          0          0          0       2234   s_whois.o
       368         12          0          0          0       2263   s_wp.o
      1172         12         64         14          0       4240   schedule.o
       532          0          0          0          0       2945   timesync.o
       620          8          0          1     169320       4168   tsm.o
         0          0          0          0       1252        594   txbuf.o
       342          0          0          0          0       2003   whohas.o
       186          0          0          0          0       1393   whois.o
       442          0          0          0          0       1663   wp.o
       790          0          0          0          0       3294   wpm.o
        76          0          0          0          0         84   sqrt.o
        28          0          0          0          0         80   strtod.o
        56          8          0          0          0         84   __0sscanf.o
        86          0          0          0          0          0   __dczerorl2.o
        28          0          0          0          0         68   _chval.o
       812          4          0          0          0        112   _scanf.o
       332          0          0          0          0         96   _scanf_int.o
        64          0          0          0          0         84   _sgetc.o
       158          0          0          0          0         92   _strtoul.o
         8          4        133          0          0         68   ctype_o.o
         0          0          0          0          0          0   entry.o
         0          0          0          0          0          0   entry10a.o
         0          0          0          0          0          0   entry11a.o
         8          4          0          0          0          0   entry2.o
         4          0          0          0          0          0   entry5.o
         0          0          0          0          0          0   entry7b.o
         0          0          0          0          0          0   entry8b.o
         8          4          0          0          0          0   entry9a.o
        20         10          0          4          0        136   errno.o
        30          0          0          0          0          0   handlers.o
        36          8          0          0          0         68   init.o
        18          0          0          0          0         76   isspace_o.o
         0          0          0          0          0          0   iusefp.o
        30          0          0          0          0         68   llshl.o
        36          0          0          0          0         68   llsshr.o
        32          0          0          0          0         68   llushr.o
       188         20          0          0          0        160   malloc.o
        20          0          0          0          0         68   memchr.o
        26          0          0          0          0         80   memcmp.o
        36          0          0          0          0         68   memcpya.o
        36          0          0          0          0        108   memseta.o
         0          0          0          8          0          0   mvars.o
      2276         96          0          0          0        596   printfa.o
        36         10          0          4          0        136   rand.o
        40          8          0          0          0         84   scanf_char.o
       838         12          0          0          0        216   scanf_fp.o
        20          0          0          0          0         68   strchr.o
        28          0          0          0          0         76   strcmp.o
        18          0          0          0          0         68   strcpy.o
        14          0          0          0          0         68   strlen.o
        36          0          0          0          0         80   strstr.o
       156         14          0          0          0        120   strtod.o
       112          0          0          0          0         88   strtol.o
       114          0          0          0          0         92   strtoul.o
        44          0          0          0          0         80   uidiv.o
        98          0          0          0          0         92   uldiv.o
        48          0          0          0          0         68   cdrcmple.o
        56          0          0          0          0         88   d2f.o
       334          0          0          0          0        148   dadd.o
       222          0          0          0          0        100   ddiv.o
       186          0          0          0          0        176   depilogue.o
        50          0          0          0          0         76   dfixui.o
        48          0          0          0          0         68   dfixul.o
        34          0          0          0          0         76   dflti.o
        26          0          0          0          0         76   dfltui.o
        24          0          0          0          0         76   dfltul.o
       228          0          0          0          0         96   dmul.o
       162          0          0          0          0        100   dsqrt.o
        38          0          0          0          0         68   f2d.o
       176          0          0          0          0        140   fadd.o
       124          0          0          0          0         88   fdiv.o
       110          0          0          0          0        168   fepilogue.o
        50          0          0          0          0         68   ffixi.o
        40          0          0          0          0         68   ffixui.o
        18          0          0          0          0         68   fflti.o
        10          0          0          0          0         68   ffltui.o
       100          0          0          0          0         76   fmul.o
        24          0          0          0          0         68   fscalb.o

    ----------------------------------------------------------------------
     54518       1232       1584        864     193852     626798   Library Totals
        34          0          5          7          9          0   (incl. Padding)

    ----------------------------------------------------------------------

      Code (inc. data)   RO Data    RW Data    ZI Data      Debug   Library Name

      2104         76        562          0       6413      18930   IO_control_ARM.lib
     44266        954        884        841     187430     602240   bacnet_ARM_revXX_mini.lib
       104          0          0          0          0        164   m_ws.l
      5902        202        133         16          0       3436   mc_w.l
      2108          0          0          0          0       2028   mf_w.l

    ----------------------------------------------------------------------
     54518       1232       1584        864     193852     626798   Library Totals

    ----------------------------------------------------------------------

==============================================================================


      Code (inc. data)   RO Data    RW Data    ZI Data      Debug   

    189752      10208      66664       2036     470556    1601951   Grand Totals
    189752      10208      66664        632     470556    1601951   ELF Image Totals (compressed)
    189752      10208      66664        632          0          0   ROM Totals

==============================================================================

    Total RO  Size (Code + RO Data)               256416 ( 250.41kB)
    Total RW  Size (RW Data + ZI Data)            472592 ( 461.52kB)
    Total ROM Size (Code + RO Data + RW Data)     257048 ( 251.02kB)

==============================================================================

